Executed: Mon Mar 26 11:37:41 EDT 2018
--------------------------------------------------------------

Finished: Mon Mar 26 11:37:41 EDT 2018
--------------------------------------------------------------
Executed: Mon Mar 26 11:37:47 EDT 2018
--------------------------------------------------------------
Updating Database Structure

Finished: Mon Mar 26 11:37:48 EDT 2018
--------------------------------------------------------------
Executed: Mon Mar 26 11:38:30 EDT 2018
--------------------------------------------------------------
Updating Database Structure

Finished: Mon Mar 26 11:38:31 EDT 2018
--------------------------------------------------------------
Updating Database Structure
Updating Database Structure
Updating Database Structure
Updating Database Structure
Updating Database Structure
Updating Database Structure
Updating Database Structure
Updating Database Structure
Updating Database Structure
Updating Database Structure
Updating Database Structure
Updating Database Structure
Updating Database Structure
Updating Database Structure
Updating Database Structure
Updating Database Structure
Updating Database Structure
Updating Database Structure
Updating Database Structure
Updating Database Structure
Updating Database Structure
Updating Database Structure
Updating Database Structure
Updating Database Structure
Updating Database Structure
Updating Database Structure
Updating Database Structure
Updating Database Structure
Updating Database Structure
Updating Database Structure
Updating Database Structure
Updating Database Structure
Updating Database Structure
Updating Database Structure
Updating Database Structure
Updating Database Structure
Updating Database Structure
Updating Database Structure
Updating Database Structure
Updating Database Structure
Updating Database Structure
Updating Database Structure
Updating Database Structure
Updating Database Structure
Updating Database Structure
Updating Database Structure
